DEBUG:root:Add: 20 + 10 = 30
DEBUG:root:Sub: 20 - 10 = 10
DEBUG:root:Mul: 20 * 10 = 200
DEBUG:root:Div: 20 / 10 = 2.0
DEBUG:root:Add: 10 + 5 = 15
DEBUG:root:Sub: 10 - 5 = 5
DEBUG:root:Mul: 10 * 5 = 50
DEBUG:root:Div: 10 / 5 = 2.0
2024-07-23 11:55:27,984:DEBUG:Add: 10 + 5 = 15
2024-07-23 11:55:27,984:DEBUG:Sub: 10 - 5 = 5
2024-07-23 11:55:27,984:DEBUG:Mul: 10 * 5 = 50
2024-07-23 11:55:27,984:DEBUG:Div: 10 / 5 = 2.0
